name: zeus_expected
versions:
  1.1.0:
    folder: all
  1.1.1:
    folder: all
  1.2.0:
    folder: all
template:
  from: 1.2.0
  folder: all
  url: https://github.com/zeus-cpp/expected/archive/refs/tags/v${version}.tar.gz
