name: tl-expected
versions:
  1.0.0:
    folder: all
  1.1.0:
    folder: all
  "20190710":
    folder: all
template:
  from: 1.1.0
  folder: all
  tag: v*
